PreTeXt project found in `D:\work\sabbatical\2025\Books\MVC-pretext`.
Building target web
XSL conversion of D:\work\sabbatical\2025\Books\MVC-pretext\source\main.ptx by C:\Users\cyril\.ptx\2.53.0\core\xsl\utilities\pretext-enhanced-source.xsl
successful application of C:\Users\cyril\.ptx\2.53.0\core\xsl\utilities\pretext-enhanced-source.xsl
[33mwarning: [0mPreTeXt source did not pass schema validation (1077 messages); unexpected output may result. Continuing anyway.
[33mwarning: [0m  Messages: D:\work\sabbatical\2025\Books\MVC-pretext\logs\schema-errors.log
[33mwarning: [0m  Line numbers refer to the assembled source: D:\work\sabbatical\2025\Books\MVC-pretext\logs\schema-assembled-source.xml
[33mwarning: [0m  Run `pretext validate` for a report that names the source files.
discovering source file's directory name: D:\work\sabbatical\2025\Books\MVC-pretext\source
verifying and expanding input directory: D:\work\sabbatical\2025\Books\MVC-pretext\source\../assets
input directory expanded to absolute path: D:\work\sabbatical\2025\Books\MVC-pretext\assets
Preparing to build into D:\work\sabbatical\2025\Books\MVC-pretext\output\web.
discovering source file's directory name: D:\work\sabbatical\2025\Books\MVC-pretext\source
verifying and expanding input directory: D:\work\sabbatical\2025\Books\MVC-pretext\source\../assets
input directory expanded to absolute path: D:\work\sabbatical\2025\Books\MVC-pretext\assets
discovering source file's directory name: D:\work\sabbatical\2025\Books\MVC-pretext\source
XSL conversion of D:\work\sabbatical\2025\Books\MVC-pretext\source\main.ptx by C:\Users\cyril\.ptx\2.53.0\core\xsl\utilities\report-publisher-variables.xsl
successful application of C:\Users\cyril\.ptx\2.53.0\core\xsl\utilities\report-publisher-variables.xsl
Downloading rs services file from https://runestone.academy/cdn/runestone/latest/webpack_static_imports.xml.
Runestone Services via online CDN query: version 8.3.0
Downloading Runestone Services, version 8.3.0
Extracting Runestone Services from archive file
Building custom css theme: theme-default-modern
converting D:\work\sabbatical\2025\Books\MVC-pretext\source\main.ptx to HTML in C:\Users\cyril\AppData\Local\Temp\ptx-f8kf0ms7
XSL conversion of D:\work\sabbatical\2025\Books\MVC-pretext\source\main.ptx by C:\Users\cyril\.ptx\2.53.0\core\xsl\pretext-html.xsl
messages from the log for XSL processing (prefaced with a *):
* PTX:INFO:   checking all deprecated elements.
[33mwarning: [0m* PTX:DEPRECATE: (2026-08-20) an "ol" is no longer a child of an "exercise" "statement"; a list belongs inside a "p".  We will wrap it for you, and lettered exercise parts will letter as before.  Please convert: structure true parts with "task", letter a plain list with marker="(a)", or consider an "exercisegroup" and its cols attribute for a compact multi-column layout (10 times)
*              located at: pretext/book/part/chapter/section/subsection/exercise/statement/ol
*              located within: "checkpoint-c2rot-complex-basis" (xml:id), "Follow the two basis arrows" (title)
*              located at: pretext/book/part/chapter/section/subsection/exercise/statement/ol
*              located within: "checkpoint-c2rot-left-basis" (xml:id), "Multiply every basis direction on the left" (title)
*              located at: pretext/book/part/chapter/section/subsection/exercise/statement/ol
*              located within: "checkpoint-c2rot-inverse" (xml:id), "Find an inverse without guessing" (title)
*              located at: pretext/book/part/chapter/section/subsection/exercise/statement/ol
*              located within: "checkpoint-c2rot-right-basis" (xml:id), "Which plane reverses its turn?" (title)
*              located at: pretext/book/part/chapter/section/subsection/exercise/statement/ol
*              located within: "checkpoint-c2rot-conjugation-basis" (xml:id), "Check the prediction on all four directions" (title)
*              located at: pretext/book/part/chapter/section/subsection/exercise/statement/ol
*              located within: "checkpoint-c2rot-half-angle" (xml:id), "Choose the quaternion for a quarter turn" (title)
*              located at: pretext/book/part/chapter/section/subsection/exercise/statement/ol
*              located within: "checkpoint-c2rot-other-axes" (xml:id), "Use cyclic order to keep the signs straight" (title)
*              located at: pretext/book/part/chapter/section/subsection/exercise/statement/ol
*              located within: "checkpoint-c2rot-adapted-basis" (xml:id), "Make a basis suited to the chosen axis" (title)
*              located at: pretext/book/part/chapter/section/subsection/exercise/statement/ol
*              located within: "checkpoint-c2rot-vector-formula" (xml:id), "Recover a formula using dot and cross products" (title)
*              located at: pretext/book/part/chapter/section/subsection/exercise/statement/ol
*              located within: "checkpoint-c2rot-final-tests" (xml:id), "Three checks on your rotation rule" (title)
* --------------
successful application of C:\Users\cyril\.ptx\2.53.0\core\xsl\pretext-html.xsl
Removing temporary directory C:\Users\cyril\AppData\Local\Temp\ptx-f8kf0ms7
[33mwarning: [0mFailed to remove temporary directories, starting with C:\Users\cyril\AppData\Local\Temp\ptx-f8kf0ms7 (and maybe some others): [WinError 5] Access is denied: 'C:\\Users\\cyril\\AppData\\Local\\Temp\\ptx-f8kf0ms7\\external\\images'

Finished build for target web. Run `pretext view web` to see the results.


Success!  Built requested target(s) without errors.


